Copyright 1986-2022 Xilinx, Inc. All Rights Reserved. Copyright 2022-2023 Advanced Micro Devices, Inc. All Rights Reserved.
-----------------------------------------------------------------------------------------------------------------------------------------------
| Tool Version : Vivado v.2023.2 (win64) Build 4029153 Fri Oct 13 20:14:34 MDT 2023
| Date         : Tue Apr  2 19:25:48 2024
| Host         : LAPTOP-RVL9TNRB running 64-bit major release  (build 9200)
| Command      : report_methodology -file top_methodology_drc_routed.rpt -pb top_methodology_drc_routed.pb -rpx top_methodology_drc_routed.rpx
| Design       : top
| Device       : xc7a35tcpg236-1
| Speed File   : -1
| Design State : Fully Routed
-----------------------------------------------------------------------------------------------------------------------------------------------

Report Methodology

Table of Contents
-----------------
1. REPORT SUMMARY
2. REPORT DETAILS

1. REPORT SUMMARY
-----------------
            Netlist: netlist
          Floorplan: design_1
      Design limits: <entire design considered>
             Max violations: <unlimited>
             Violations found: 278
+-----------+------------------+-------------------------------+------------+
| Rule      | Severity         | Description                   | Violations |
+-----------+------------------+-------------------------------+------------+
| TIMING-17 | Critical Warning | Non-clocked sequential cell   | 274        |
| TIMING-18 | Warning          | Missing input or output delay | 1          |
| RTGT-1    | Advisory         | RAM retargeting possibility   | 3          |
+-----------+------------------+-------------------------------+------------+

2. REPORT DETAILS
-----------------
TIMING-17#1 Critical Warning
Non-clocked sequential cell  
The clock pin DispCount_reg[0]/C is not reached by a timing clock
Related violations: <none>

TIMING-17#2 Critical Warning
Non-clocked sequential cell  
The clock pin DispCount_reg[10]/C is not reached by a timing clock
Related violations: <none>

TIMING-17#3 Critical Warning
Non-clocked sequential cell  
The clock pin DispCount_reg[11]/C is not reached by a timing clock
Related violations: <none>

TIMING-17#4 Critical Warning
Non-clocked sequential cell  
The clock pin DispCount_reg[12]/C is not reached by a timing clock
Related violations: <none>

TIMING-17#5 Critical Warning
Non-clocked sequential cell  
The clock pin DispCount_reg[13]/C is not reached by a timing clock
Related violations: <none>

TIMING-17#6 Critical Warning
Non-clocked sequential cell  
The clock pin DispCount_reg[14]/C is not reached by a timing clock
Related violations: <none>

TIMING-17#7 Critical Warning
Non-clocked sequential cell  
The clock pin DispCount_reg[15]/C is not reached by a timing clock
Related violations: <none>

TIMING-17#8 Critical Warning
Non-clocked sequential cell  
The clock pin DispCount_reg[1]/C is not reached by a timing clock
Related violations: <none>

TIMING-17#9 Critical Warning
Non-clocked sequential cell  
The clock pin DispCount_reg[2]/C is not reached by a timing clock
Related violations: <none>

TIMING-17#10 Critical Warning
Non-clocked sequential cell  
The clock pin DispCount_reg[3]/C is not reached by a timing clock
Related violations: <none>

TIMING-17#11 Critical Warning
Non-clocked sequential cell  
The clock pin DispCount_reg[4]/C is not reached by a timing clock
Related violations: <none>

TIMING-17#12 Critical Warning
Non-clocked sequential cell  
The clock pin DispCount_reg[5]/C is not reached by a timing clock
Related violations: <none>

TIMING-17#13 Critical Warning
Non-clocked sequential cell  
The clock pin DispCount_reg[6]/C is not reached by a timing clock
Related violations: <none>

TIMING-17#14 Critical Warning
Non-clocked sequential cell  
The clock pin DispCount_reg[7]/C is not reached by a timing clock
Related violations: <none>

TIMING-17#15 Critical Warning
Non-clocked sequential cell  
The clock pin DispCount_reg[8]/C is not reached by a timing clock
Related violations: <none>

TIMING-17#16 Critical Warning
Non-clocked sequential cell  
The clock pin DispCount_reg[9]/C is not reached by a timing clock
Related violations: <none>

TIMING-17#17 Critical Warning
Non-clocked sequential cell  
The clock pin DispReg_reg[0]/C is not reached by a timing clock
Related violations: <none>

TIMING-17#18 Critical Warning
Non-clocked sequential cell  
The clock pin DispReg_reg[10]/C is not reached by a timing clock
Related violations: <none>

TIMING-17#19 Critical Warning
Non-clocked sequential cell  
The clock pin DispReg_reg[11]/C is not reached by a timing clock
Related violations: <none>

TIMING-17#20 Critical Warning
Non-clocked sequential cell  
The clock pin DispReg_reg[12]/C is not reached by a timing clock
Related violations: <none>

TIMING-17#21 Critical Warning
Non-clocked sequential cell  
The clock pin DispReg_reg[13]/C is not reached by a timing clock
Related violations: <none>

TIMING-17#22 Critical Warning
Non-clocked sequential cell  
The clock pin DispReg_reg[14]/C is not reached by a timing clock
Related violations: <none>

TIMING-17#23 Critical Warning
Non-clocked sequential cell  
The clock pin DispReg_reg[15]/C is not reached by a timing clock
Related violations: <none>

TIMING-17#24 Critical Warning
Non-clocked sequential cell  
The clock pin DispReg_reg[16]/C is not reached by a timing clock
Related violations: <none>

TIMING-17#25 Critical Warning
Non-clocked sequential cell  
The clock pin DispReg_reg[17]/C is not reached by a timing clock
Related violations: <none>

TIMING-17#26 Critical Warning
Non-clocked sequential cell  
The clock pin DispReg_reg[18]/C is not reached by a timing clock
Related violations: <none>

TIMING-17#27 Critical Warning
Non-clocked sequential cell  
The clock pin DispReg_reg[19]/C is not reached by a timing clock
Related violations: <none>

TIMING-17#28 Critical Warning
Non-clocked sequential cell  
The clock pin DispReg_reg[1]/C is not reached by a timing clock
Related violations: <none>

TIMING-17#29 Critical Warning
Non-clocked sequential cell  
The clock pin DispReg_reg[20]/C is not reached by a timing clock
Related violations: <none>

TIMING-17#30 Critical Warning
Non-clocked sequential cell  
The clock pin DispReg_reg[21]/C is not reached by a timing clock
Related violations: <none>

TIMING-17#31 Critical Warning
Non-clocked sequential cell  
The clock pin DispReg_reg[22]/C is not reached by a timing clock
Related violations: <none>

TIMING-17#32 Critical Warning
Non-clocked sequential cell  
The clock pin DispReg_reg[23]/C is not reached by a timing clock
Related violations: <none>

TIMING-17#33 Critical Warning
Non-clocked sequential cell  
The clock pin DispReg_reg[24]/C is not reached by a timing clock
Related violations: <none>

TIMING-17#34 Critical Warning
Non-clocked sequential cell  
The clock pin DispReg_reg[25]/C is not reached by a timing clock
Related violations: <none>

TIMING-17#35 Critical Warning
Non-clocked sequential cell  
The clock pin DispReg_reg[26]/C is not reached by a timing clock
Related violations: <none>

TIMING-17#36 Critical Warning
Non-clocked sequential cell  
The clock pin DispReg_reg[27]/C is not reached by a timing clock
Related violations: <none>

TIMING-17#37 Critical Warning
Non-clocked sequential cell  
The clock pin DispReg_reg[2]/C is not reached by a timing clock
Related violations: <none>

TIMING-17#38 Critical Warning
Non-clocked sequential cell  
The clock pin DispReg_reg[3]/C is not reached by a timing clock
Related violations: <none>

TIMING-17#39 Critical Warning
Non-clocked sequential cell  
The clock pin DispReg_reg[4]/C is not reached by a timing clock
Related violations: <none>

TIMING-17#40 Critical Warning
Non-clocked sequential cell  
The clock pin DispReg_reg[5]/C is not reached by a timing clock
Related violations: <none>

TIMING-17#41 Critical Warning
Non-clocked sequential cell  
The clock pin DispReg_reg[6]/C is not reached by a timing clock
Related violations: <none>

TIMING-17#42 Critical Warning
Non-clocked sequential cell  
The clock pin DispReg_reg[7]/C is not reached by a timing clock
Related violations: <none>

TIMING-17#43 Critical Warning
Non-clocked sequential cell  
The clock pin DispReg_reg[8]/C is not reached by a timing clock
Related violations: <none>

TIMING-17#44 Critical Warning
Non-clocked sequential cell  
The clock pin DispReg_reg[9]/C is not reached by a timing clock
Related violations: <none>

TIMING-17#45 Critical Warning
Non-clocked sequential cell  
The clock pin processor/PC_reg[2]/C is not reached by a timing clock
Related violations: <none>

TIMING-17#46 Critical Warning
Non-clocked sequential cell  
The clock pin processor/PC_reg[3]/C is not reached by a timing clock
Related violations: <none>

TIMING-17#47 Critical Warning
Non-clocked sequential cell  
The clock pin processor/PC_reg[4]/C is not reached by a timing clock
Related violations: <none>

TIMING-17#48 Critical Warning
Non-clocked sequential cell  
The clock pin processor/PC_reg[5]/C is not reached by a timing clock
Related violations: <none>

TIMING-17#49 Critical Warning
Non-clocked sequential cell  
The clock pin processor/PC_reg[6]/C is not reached by a timing clock
Related violations: <none>

TIMING-17#50 Critical Warning
Non-clocked sequential cell  
The clock pin processor/PC_reg[7]/C is not reached by a timing clock
Related violations: <none>

TIMING-17#51 Critical Warning
Non-clocked sequential cell  
The clock pin processor/i_dmem/DataArr_reg_0_63_0_0/SP/CLK is not reached by a timing clock
Related violations: <none>

TIMING-17#52 Critical Warning
Non-clocked sequential cell  
The clock pin processor/i_dmem/DataArr_reg_0_63_10_10/SP/CLK is not reached by a timing clock
Related violations: <none>

TIMING-17#53 Critical Warning
Non-clocked sequential cell  
The clock pin processor/i_dmem/DataArr_reg_0_63_11_11/SP/CLK is not reached by a timing clock
Related violations: <none>

TIMING-17#54 Critical Warning
Non-clocked sequential cell  
The clock pin processor/i_dmem/DataArr_reg_0_63_12_12/SP/CLK is not reached by a timing clock
Related violations: <none>

TIMING-17#55 Critical Warning
Non-clocked sequential cell  
The clock pin processor/i_dmem/DataArr_reg_0_63_13_13/SP/CLK is not reached by a timing clock
Related violations: <none>

TIMING-17#56 Critical Warning
Non-clocked sequential cell  
The clock pin processor/i_dmem/DataArr_reg_0_63_14_14/SP/CLK is not reached by a timing clock
Related violations: <none>

TIMING-17#57 Critical Warning
Non-clocked sequential cell  
The clock pin processor/i_dmem/DataArr_reg_0_63_15_15/SP/CLK is not reached by a timing clock
Related violations: <none>

TIMING-17#58 Critical Warning
Non-clocked sequential cell  
The clock pin processor/i_dmem/DataArr_reg_0_63_16_16/SP/CLK is not reached by a timing clock
Related violations: <none>

TIMING-17#59 Critical Warning
Non-clocked sequential cell  
The clock pin processor/i_dmem/DataArr_reg_0_63_17_17/SP/CLK is not reached by a timing clock
Related violations: <none>

TIMING-17#60 Critical Warning
Non-clocked sequential cell  
The clock pin processor/i_dmem/DataArr_reg_0_63_18_18/SP/CLK is not reached by a timing clock
Related violations: <none>

TIMING-17#61 Critical Warning
Non-clocked sequential cell  
The clock pin processor/i_dmem/DataArr_reg_0_63_19_19/SP/CLK is not reached by a timing clock
Related violations: <none>

TIMING-17#62 Critical Warning
Non-clocked sequential cell  
The clock pin processor/i_dmem/DataArr_reg_0_63_1_1/SP/CLK is not reached by a timing clock
Related violations: <none>

TIMING-17#63 Critical Warning
Non-clocked sequential cell  
The clock pin processor/i_dmem/DataArr_reg_0_63_20_20/SP/CLK is not reached by a timing clock
Related violations: <none>

TIMING-17#64 Critical Warning
Non-clocked sequential cell  
The clock pin processor/i_dmem/DataArr_reg_0_63_21_21/SP/CLK is not reached by a timing clock
Related violations: <none>

TIMING-17#65 Critical Warning
Non-clocked sequential cell  
The clock pin processor/i_dmem/DataArr_reg_0_63_22_22/SP/CLK is not reached by a timing clock
Related violations: <none>

TIMING-17#66 Critical Warning
Non-clocked sequential cell  
The clock pin processor/i_dmem/DataArr_reg_0_63_23_23/SP/CLK is not reached by a timing clock
Related violations: <none>

TIMING-17#67 Critical Warning
Non-clocked sequential cell  
The clock pin processor/i_dmem/DataArr_reg_0_63_24_24/SP/CLK is not reached by a timing clock
Related violations: <none>

TIMING-17#68 Critical Warning
Non-clocked sequential cell  
The clock pin processor/i_dmem/DataArr_reg_0_63_25_25/SP/CLK is not reached by a timing clock
Related violations: <none>

TIMING-17#69 Critical Warning
Non-clocked sequential cell  
The clock pin processor/i_dmem/DataArr_reg_0_63_26_26/SP/CLK is not reached by a timing clock
Related violations: <none>

TIMING-17#70 Critical Warning
Non-clocked sequential cell  
The clock pin processor/i_dmem/DataArr_reg_0_63_27_27/SP/CLK is not reached by a timing clock
Related violations: <none>

TIMING-17#71 Critical Warning
Non-clocked sequential cell  
The clock pin processor/i_dmem/DataArr_reg_0_63_28_28/SP/CLK is not reached by a timing clock
Related violations: <none>

TIMING-17#72 Critical Warning
Non-clocked sequential cell  
The clock pin processor/i_dmem/DataArr_reg_0_63_29_29/SP/CLK is not reached by a timing clock
Related violations: <none>

TIMING-17#73 Critical Warning
Non-clocked sequential cell  
The clock pin processor/i_dmem/DataArr_reg_0_63_2_2/SP/CLK is not reached by a timing clock
Related violations: <none>

TIMING-17#74 Critical Warning
Non-clocked sequential cell  
The clock pin processor/i_dmem/DataArr_reg_0_63_30_30/SP/CLK is not reached by a timing clock
Related violations: <none>

TIMING-17#75 Critical Warning
Non-clocked sequential cell  
The clock pin processor/i_dmem/DataArr_reg_0_63_31_31/SP/CLK is not reached by a timing clock
Related violations: <none>

TIMING-17#76 Critical Warning
Non-clocked sequential cell  
The clock pin processor/i_dmem/DataArr_reg_0_63_3_3/SP/CLK is not reached by a timing clock
Related violations: <none>

TIMING-17#77 Critical Warning
Non-clocked sequential cell  
The clock pin processor/i_dmem/DataArr_reg_0_63_4_4/SP/CLK is not reached by a timing clock
Related violations: <none>

TIMING-17#78 Critical Warning
Non-clocked sequential cell  
The clock pin processor/i_dmem/DataArr_reg_0_63_5_5/SP/CLK is not reached by a timing clock
Related violations: <none>

TIMING-17#79 Critical Warning
Non-clocked sequential cell  
The clock pin processor/i_dmem/DataArr_reg_0_63_6_6/SP/CLK is not reached by a timing clock
Related violations: <none>

TIMING-17#80 Critical Warning
Non-clocked sequential cell  
The clock pin processor/i_dmem/DataArr_reg_0_63_7_7/SP/CLK is not reached by a timing clock
Related violations: <none>

TIMING-17#81 Critical Warning
Non-clocked sequential cell  
The clock pin processor/i_dmem/DataArr_reg_0_63_8_8/SP/CLK is not reached by a timing clock
Related violations: <none>

TIMING-17#82 Critical Warning
Non-clocked sequential cell  
The clock pin processor/i_dmem/DataArr_reg_0_63_9_9/SP/CLK is not reached by a timing clock
Related violations: <none>

TIMING-17#83 Critical Warning
Non-clocked sequential cell  
The clock pin processor/i_regf/i_portA/BU2/U0/gen_dp_ram.dpram_inst/Mram_ram1/DP/CLK is not reached by a timing clock
Related violations: <none>

TIMING-17#84 Critical Warning
Non-clocked sequential cell  
The clock pin processor/i_regf/i_portA/BU2/U0/gen_dp_ram.dpram_inst/Mram_ram1/SP/CLK is not reached by a timing clock
Related violations: <none>

TIMING-17#85 Critical Warning
Non-clocked sequential cell  
The clock pin processor/i_regf/i_portA/BU2/U0/gen_dp_ram.dpram_inst/Mram_ram11/DP/CLK is not reached by a timing clock
Related violations: <none>

TIMING-17#86 Critical Warning
Non-clocked sequential cell  
The clock pin processor/i_regf/i_portA/BU2/U0/gen_dp_ram.dpram_inst/Mram_ram11/SP/CLK is not reached by a timing clock
Related violations: <none>

TIMING-17#87 Critical Warning
Non-clocked sequential cell  
The clock pin processor/i_regf/i_portA/BU2/U0/gen_dp_ram.dpram_inst/Mram_ram13/DP/CLK is not reached by a timing clock
Related violations: <none>

TIMING-17#88 Critical Warning
Non-clocked sequential cell  
The clock pin processor/i_regf/i_portA/BU2/U0/gen_dp_ram.dpram_inst/Mram_ram13/SP/CLK is not reached by a timing clock
Related violations: <none>

TIMING-17#89 Critical Warning
Non-clocked sequential cell  
The clock pin processor/i_regf/i_portA/BU2/U0/gen_dp_ram.dpram_inst/Mram_ram15/DP/CLK is not reached by a timing clock
Related violations: <none>

TIMING-17#90 Critical Warning
Non-clocked sequential cell  
The clock pin processor/i_regf/i_portA/BU2/U0/gen_dp_ram.dpram_inst/Mram_ram15/SP/CLK is not reached by a timing clock
Related violations: <none>

TIMING-17#91 Critical Warning
Non-clocked sequential cell  
The clock pin processor/i_regf/i_portA/BU2/U0/gen_dp_ram.dpram_inst/Mram_ram17/DP/CLK is not reached by a timing clock
Related violations: <none>

TIMING-17#92 Critical Warning
Non-clocked sequential cell  
The clock pin processor/i_regf/i_portA/BU2/U0/gen_dp_ram.dpram_inst/Mram_ram17/SP/CLK is not reached by a timing clock
Related violations: <none>

TIMING-17#93 Critical Warning
Non-clocked sequential cell  
The clock pin processor/i_regf/i_portA/BU2/U0/gen_dp_ram.dpram_inst/Mram_ram19/DP/CLK is not reached by a timing clock
Related violations: <none>

TIMING-17#94 Critical Warning
Non-clocked sequential cell  
The clock pin processor/i_regf/i_portA/BU2/U0/gen_dp_ram.dpram_inst/Mram_ram19/SP/CLK is not reached by a timing clock
Related violations: <none>

TIMING-17#95 Critical Warning
Non-clocked sequential cell  
The clock pin processor/i_regf/i_portA/BU2/U0/gen_dp_ram.dpram_inst/Mram_ram21/DP/CLK is not reached by a timing clock
Related violations: <none>

TIMING-17#96 Critical Warning
Non-clocked sequential cell  
The clock pin processor/i_regf/i_portA/BU2/U0/gen_dp_ram.dpram_inst/Mram_ram21/SP/CLK is not reached by a timing clock
Related violations: <none>

TIMING-17#97 Critical Warning
Non-clocked sequential cell  
The clock pin processor/i_regf/i_portA/BU2/U0/gen_dp_ram.dpram_inst/Mram_ram23/DP/CLK is not reached by a timing clock
Related violations: <none>

TIMING-17#98 Critical Warning
Non-clocked sequential cell  
The clock pin processor/i_regf/i_portA/BU2/U0/gen_dp_ram.dpram_inst/Mram_ram23/SP/CLK is not reached by a timing clock
Related violations: <none>

TIMING-17#99 Critical Warning
Non-clocked sequential cell  
The clock pin processor/i_regf/i_portA/BU2/U0/gen_dp_ram.dpram_inst/Mram_ram25/DP/CLK is not reached by a timing clock
Related violations: <none>

TIMING-17#100 Critical Warning
Non-clocked sequential cell  
The clock pin processor/i_regf/i_portA/BU2/U0/gen_dp_ram.dpram_inst/Mram_ram25/SP/CLK is not reached by a timing clock
Related violations: <none>

TIMING-17#101 Critical Warning
Non-clocked sequential cell  
The clock pin processor/i_regf/i_portA/BU2/U0/gen_dp_ram.dpram_inst/Mram_ram27/DP/CLK is not reached by a timing clock
Related violations: <none>

TIMING-17#102 Critical Warning
Non-clocked sequential cell  
The clock pin processor/i_regf/i_portA/BU2/U0/gen_dp_ram.dpram_inst/Mram_ram27/SP/CLK is not reached by a timing clock
Related violations: <none>

TIMING-17#103 Critical Warning
Non-clocked sequential cell  
The clock pin processor/i_regf/i_portA/BU2/U0/gen_dp_ram.dpram_inst/Mram_ram29/DP/CLK is not reached by a timing clock
Related violations: <none>

TIMING-17#104 Critical Warning
Non-clocked sequential cell  
The clock pin processor/i_regf/i_portA/BU2/U0/gen_dp_ram.dpram_inst/Mram_ram29/SP/CLK is not reached by a timing clock
Related violations: <none>

TIMING-17#105 Critical Warning
Non-clocked sequential cell  
The clock pin processor/i_regf/i_portA/BU2/U0/gen_dp_ram.dpram_inst/Mram_ram3/DP/CLK is not reached by a timing clock
Related violations: <none>

TIMING-17#106 Critical Warning
Non-clocked sequential cell  
The clock pin processor/i_regf/i_portA/BU2/U0/gen_dp_ram.dpram_inst/Mram_ram3/SP/CLK is not reached by a timing clock
Related violations: <none>

TIMING-17#107 Critical Warning
Non-clocked sequential cell  
The clock pin processor/i_regf/i_portA/BU2/U0/gen_dp_ram.dpram_inst/Mram_ram31/DP/CLK is not reached by a timing clock
Related violations: <none>

TIMING-17#108 Critical Warning
Non-clocked sequential cell  
The clock pin processor/i_regf/i_portA/BU2/U0/gen_dp_ram.dpram_inst/Mram_ram31/SP/CLK is not reached by a timing clock
Related violations: <none>

TIMING-17#109 Critical Warning
Non-clocked sequential cell  
The clock pin processor/i_regf/i_portA/BU2/U0/gen_dp_ram.dpram_inst/Mram_ram33/DP/CLK is not reached by a timing clock
Related violations: <none>

TIMING-17#110 Critical Warning
Non-clocked sequential cell  
The clock pin processor/i_regf/i_portA/BU2/U0/gen_dp_ram.dpram_inst/Mram_ram33/SP/CLK is not reached by a timing clock
Related violations: <none>

TIMING-17#111 Critical Warning
Non-clocked sequential cell  
The clock pin processor/i_regf/i_portA/BU2/U0/gen_dp_ram.dpram_inst/Mram_ram35/DP/CLK is not reached by a timing clock
Related violations: <none>

TIMING-17#112 Critical Warning
Non-clocked sequential cell  
The clock pin processor/i_regf/i_portA/BU2/U0/gen_dp_ram.dpram_inst/Mram_ram35/SP/CLK is not reached by a timing clock
Related violations: <none>

TIMING-17#113 Critical Warning
Non-clocked sequential cell  
The clock pin processor/i_regf/i_portA/BU2/U0/gen_dp_ram.dpram_inst/Mram_ram37/DP/CLK is not reached by a timing clock
Related violations: <none>

TIMING-17#114 Critical Warning
Non-clocked sequential cell  
The clock pin processor/i_regf/i_portA/BU2/U0/gen_dp_ram.dpram_inst/Mram_ram37/SP/CLK is not reached by a timing clock
Related violations: <none>

TIMING-17#115 Critical Warning
Non-clocked sequential cell  
The clock pin processor/i_regf/i_portA/BU2/U0/gen_dp_ram.dpram_inst/Mram_ram39/DP/CLK is not reached by a timing clock
Related violations: <none>

TIMING-17#116 Critical Warning
Non-clocked sequential cell  
The clock pin processor/i_regf/i_portA/BU2/U0/gen_dp_ram.dpram_inst/Mram_ram39/SP/CLK is not reached by a timing clock
Related violations: <none>

TIMING-17#117 Critical Warning
Non-clocked sequential cell  
The clock pin processor/i_regf/i_portA/BU2/U0/gen_dp_ram.dpram_inst/Mram_ram41/DP/CLK is not reached by a timing clock
Related violations: <none>

TIMING-17#118 Critical Warning
Non-clocked sequential cell  
The clock pin processor/i_regf/i_portA/BU2/U0/gen_dp_ram.dpram_inst/Mram_ram41/SP/CLK is not reached by a timing clock
Related violations: <none>

TIMING-17#119 Critical Warning
Non-clocked sequential cell  
The clock pin processor/i_regf/i_portA/BU2/U0/gen_dp_ram.dpram_inst/Mram_ram43/DP/CLK is not reached by a timing clock
Related violations: <none>

TIMING-17#120 Critical Warning
Non-clocked sequential cell  
The clock pin processor/i_regf/i_portA/BU2/U0/gen_dp_ram.dpram_inst/Mram_ram43/SP/CLK is not reached by a timing clock
Related violations: <none>

TIMING-17#121 Critical Warning
Non-clocked sequential cell  
The clock pin processor/i_regf/i_portA/BU2/U0/gen_dp_ram.dpram_inst/Mram_ram45/DP/CLK is not reached by a timing clock
Related violations: <none>

TIMING-17#122 Critical Warning
Non-clocked sequential cell  
The clock pin processor/i_regf/i_portA/BU2/U0/gen_dp_ram.dpram_inst/Mram_ram45/SP/CLK is not reached by a timing clock
Related violations: <none>

TIMING-17#123 Critical Warning
Non-clocked sequential cell  
The clock pin processor/i_regf/i_portA/BU2/U0/gen_dp_ram.dpram_inst/Mram_ram47/DP/CLK is not reached by a timing clock
Related violations: <none>

TIMING-17#124 Critical Warning
Non-clocked sequential cell  
The clock pin processor/i_regf/i_portA/BU2/U0/gen_dp_ram.dpram_inst/Mram_ram47/SP/CLK is not reached by a timing clock
Related violations: <none>

TIMING-17#125 Critical Warning
Non-clocked sequential cell  
The clock pin processor/i_regf/i_portA/BU2/U0/gen_dp_ram.dpram_inst/Mram_ram49/DP/CLK is not reached by a timing clock
Related violations: <none>

TIMING-17#126 Critical Warning
Non-clocked sequential cell  
The clock pin processor/i_regf/i_portA/BU2/U0/gen_dp_ram.dpram_inst/Mram_ram49/SP/CLK is not reached by a timing clock
Related violations: <none>

TIMING-17#127 Critical Warning
Non-clocked sequential cell  
The clock pin processor/i_regf/i_portA/BU2/U0/gen_dp_ram.dpram_inst/Mram_ram5/DP/CLK is not reached by a timing clock
Related violations: <none>

TIMING-17#128 Critical Warning
Non-clocked sequential cell  
The clock pin processor/i_regf/i_portA/BU2/U0/gen_dp_ram.dpram_inst/Mram_ram5/SP/CLK is not reached by a timing clock
Related violations: <none>

TIMING-17#129 Critical Warning
Non-clocked sequential cell  
The clock pin processor/i_regf/i_portA/BU2/U0/gen_dp_ram.dpram_inst/Mram_ram51/DP/CLK is not reached by a timing clock
Related violations: <none>

TIMING-17#130 Critical Warning
Non-clocked sequential cell  
The clock pin processor/i_regf/i_portA/BU2/U0/gen_dp_ram.dpram_inst/Mram_ram51/SP/CLK is not reached by a timing clock
Related violations: <none>

TIMING-17#131 Critical Warning
Non-clocked sequential cell  
The clock pin processor/i_regf/i_portA/BU2/U0/gen_dp_ram.dpram_inst/Mram_ram53/DP/CLK is not reached by a timing clock
Related violations: <none>

TIMING-17#132 Critical Warning
Non-clocked sequential cell  
The clock pin processor/i_regf/i_portA/BU2/U0/gen_dp_ram.dpram_inst/Mram_ram53/SP/CLK is not reached by a timing clock
Related violations: <none>

TIMING-17#133 Critical Warning
Non-clocked sequential cell  
The clock pin processor/i_regf/i_portA/BU2/U0/gen_dp_ram.dpram_inst/Mram_ram55/DP/CLK is not reached by a timing clock
Related violations: <none>

TIMING-17#134 Critical Warning
Non-clocked sequential cell  
The clock pin processor/i_regf/i_portA/BU2/U0/gen_dp_ram.dpram_inst/Mram_ram55/SP/CLK is not reached by a timing clock
Related violations: <none>

TIMING-17#135 Critical Warning
Non-clocked sequential cell  
The clock pin processor/i_regf/i_portA/BU2/U0/gen_dp_ram.dpram_inst/Mram_ram57/DP/CLK is not reached by a timing clock
Related violations: <none>

TIMING-17#136 Critical Warning
Non-clocked sequential cell  
The clock pin processor/i_regf/i_portA/BU2/U0/gen_dp_ram.dpram_inst/Mram_ram57/SP/CLK is not reached by a timing clock
Related violations: <none>

TIMING-17#137 Critical Warning
Non-clocked sequential cell  
The clock pin processor/i_regf/i_portA/BU2/U0/gen_dp_ram.dpram_inst/Mram_ram59/DP/CLK is not reached by a timing clock
Related violations: <none>

TIMING-17#138 Critical Warning
Non-clocked sequential cell  
The clock pin processor/i_regf/i_portA/BU2/U0/gen_dp_ram.dpram_inst/Mram_ram59/SP/CLK is not reached by a timing clock
Related violations: <none>

TIMING-17#139 Critical Warning
Non-clocked sequential cell  
The clock pin processor/i_regf/i_portA/BU2/U0/gen_dp_ram.dpram_inst/Mram_ram61/DP/CLK is not reached by a timing clock
Related violations: <none>

TIMING-17#140 Critical Warning
Non-clocked sequential cell  
The clock pin processor/i_regf/i_portA/BU2/U0/gen_dp_ram.dpram_inst/Mram_ram61/SP/CLK is not reached by a timing clock
Related violations: <none>

TIMING-17#141 Critical Warning
Non-clocked sequential cell  
The clock pin processor/i_regf/i_portA/BU2/U0/gen_dp_ram.dpram_inst/Mram_ram63/DP/CLK is not reached by a timing clock
Related violations: <none>

TIMING-17#142 Critical Warning
Non-clocked sequential cell  
The clock pin processor/i_regf/i_portA/BU2/U0/gen_dp_ram.dpram_inst/Mram_ram63/SP/CLK is not reached by a timing clock
Related violations: <none>

TIMING-17#143 Critical Warning
Non-clocked sequential cell  
The clock pin processor/i_regf/i_portA/BU2/U0/gen_dp_ram.dpram_inst/Mram_ram7/DP/CLK is not reached by a timing clock
Related violations: <none>

TIMING-17#144 Critical Warning
Non-clocked sequential cell  
The clock pin processor/i_regf/i_portA/BU2/U0/gen_dp_ram.dpram_inst/Mram_ram7/SP/CLK is not reached by a timing clock
Related violations: <none>

TIMING-17#145 Critical Warning
Non-clocked sequential cell  
The clock pin processor/i_regf/i_portA/BU2/U0/gen_dp_ram.dpram_inst/Mram_ram9/DP/CLK is not reached by a timing clock
Related violations: <none>

TIMING-17#146 Critical Warning
Non-clocked sequential cell  
The clock pin processor/i_regf/i_portA/BU2/U0/gen_dp_ram.dpram_inst/Mram_ram9/SP/CLK is not reached by a timing clock
Related violations: <none>

TIMING-17#147 Critical Warning
Non-clocked sequential cell  
The clock pin processor/i_regf/i_portB/BU2/U0/gen_dp_ram.dpram_inst/Mram_ram1/DP/CLK is not reached by a timing clock
Related violations: <none>

TIMING-17#148 Critical Warning
Non-clocked sequential cell  
The clock pin processor/i_regf/i_portB/BU2/U0/gen_dp_ram.dpram_inst/Mram_ram1/SP/CLK is not reached by a timing clock
Related violations: <none>

TIMING-17#149 Critical Warning
Non-clocked sequential cell  
The clock pin processor/i_regf/i_portB/BU2/U0/gen_dp_ram.dpram_inst/Mram_ram10/DP/CLK is not reached by a timing clock
Related violations: <none>

TIMING-17#150 Critical Warning
Non-clocked sequential cell  
The clock pin processor/i_regf/i_portB/BU2/U0/gen_dp_ram.dpram_inst/Mram_ram10/SP/CLK is not reached by a timing clock
Related violations: <none>

TIMING-17#151 Critical Warning
Non-clocked sequential cell  
The clock pin processor/i_regf/i_portB/BU2/U0/gen_dp_ram.dpram_inst/Mram_ram11/DP/CLK is not reached by a timing clock
Related violations: <none>

TIMING-17#152 Critical Warning
Non-clocked sequential cell  
The clock pin processor/i_regf/i_portB/BU2/U0/gen_dp_ram.dpram_inst/Mram_ram11/SP/CLK is not reached by a timing clock
Related violations: <none>

TIMING-17#153 Critical Warning
Non-clocked sequential cell  
The clock pin processor/i_regf/i_portB/BU2/U0/gen_dp_ram.dpram_inst/Mram_ram12/DP/CLK is not reached by a timing clock
Related violations: <none>

TIMING-17#154 Critical Warning
Non-clocked sequential cell  
The clock pin processor/i_regf/i_portB/BU2/U0/gen_dp_ram.dpram_inst/Mram_ram12/SP/CLK is not reached by a timing clock
Related violations: <none>

TIMING-17#155 Critical Warning
Non-clocked sequential cell  
The clock pin processor/i_regf/i_portB/BU2/U0/gen_dp_ram.dpram_inst/Mram_ram13/DP/CLK is not reached by a timing clock
Related violations: <none>

TIMING-17#156 Critical Warning
Non-clocked sequential cell  
The clock pin processor/i_regf/i_portB/BU2/U0/gen_dp_ram.dpram_inst/Mram_ram13/SP/CLK is not reached by a timing clock
Related violations: <none>

TIMING-17#157 Critical Warning
Non-clocked sequential cell  
The clock pin processor/i_regf/i_portB/BU2/U0/gen_dp_ram.dpram_inst/Mram_ram14/DP/CLK is not reached by a timing clock
Related violations: <none>

TIMING-17#158 Critical Warning
Non-clocked sequential cell  
The clock pin processor/i_regf/i_portB/BU2/U0/gen_dp_ram.dpram_inst/Mram_ram14/SP/CLK is not reached by a timing clock
Related violations: <none>

TIMING-17#159 Critical Warning
Non-clocked sequential cell  
The clock pin processor/i_regf/i_portB/BU2/U0/gen_dp_ram.dpram_inst/Mram_ram15/DP/CLK is not reached by a timing clock
Related violations: <none>

TIMING-17#160 Critical Warning
Non-clocked sequential cell  
The clock pin processor/i_regf/i_portB/BU2/U0/gen_dp_ram.dpram_inst/Mram_ram15/SP/CLK is not reached by a timing clock
Related violations: <none>

TIMING-17#161 Critical Warning
Non-clocked sequential cell  
The clock pin processor/i_regf/i_portB/BU2/U0/gen_dp_ram.dpram_inst/Mram_ram16/DP/CLK is not reached by a timing clock
Related violations: <none>

TIMING-17#162 Critical Warning
Non-clocked sequential cell  
The clock pin processor/i_regf/i_portB/BU2/U0/gen_dp_ram.dpram_inst/Mram_ram16/SP/CLK is not reached by a timing clock
Related violations: <none>

TIMING-17#163 Critical Warning
Non-clocked sequential cell  
The clock pin processor/i_regf/i_portB/BU2/U0/gen_dp_ram.dpram_inst/Mram_ram17/DP/CLK is not reached by a timing clock
Related violations: <none>

TIMING-17#164 Critical Warning
Non-clocked sequential cell  
The clock pin processor/i_regf/i_portB/BU2/U0/gen_dp_ram.dpram_inst/Mram_ram17/SP/CLK is not reached by a timing clock
Related violations: <none>

TIMING-17#165 Critical Warning
Non-clocked sequential cell  
The clock pin processor/i_regf/i_portB/BU2/U0/gen_dp_ram.dpram_inst/Mram_ram18/DP/CLK is not reached by a timing clock
Related violations: <none>

TIMING-17#166 Critical Warning
Non-clocked sequential cell  
The clock pin processor/i_regf/i_portB/BU2/U0/gen_dp_ram.dpram_inst/Mram_ram18/SP/CLK is not reached by a timing clock
Related violations: <none>

TIMING-17#167 Critical Warning
Non-clocked sequential cell  
The clock pin processor/i_regf/i_portB/BU2/U0/gen_dp_ram.dpram_inst/Mram_ram19/DP/CLK is not reached by a timing clock
Related violations: <none>

TIMING-17#168 Critical Warning
Non-clocked sequential cell  
The clock pin processor/i_regf/i_portB/BU2/U0/gen_dp_ram.dpram_inst/Mram_ram19/SP/CLK is not reached by a timing clock
Related violations: <none>

TIMING-17#169 Critical Warning
Non-clocked sequential cell  
The clock pin processor/i_regf/i_portB/BU2/U0/gen_dp_ram.dpram_inst/Mram_ram2/DP/CLK is not reached by a timing clock
Related violations: <none>

TIMING-17#170 Critical Warning
Non-clocked sequential cell  
The clock pin processor/i_regf/i_portB/BU2/U0/gen_dp_ram.dpram_inst/Mram_ram2/SP/CLK is not reached by a timing clock
Related violations: <none>

TIMING-17#171 Critical Warning
Non-clocked sequential cell  
The clock pin processor/i_regf/i_portB/BU2/U0/gen_dp_ram.dpram_inst/Mram_ram20/DP/CLK is not reached by a timing clock
Related violations: <none>

TIMING-17#172 Critical Warning
Non-clocked sequential cell  
The clock pin processor/i_regf/i_portB/BU2/U0/gen_dp_ram.dpram_inst/Mram_ram20/SP/CLK is not reached by a timing clock
Related violations: <none>

TIMING-17#173 Critical Warning
Non-clocked sequential cell  
The clock pin processor/i_regf/i_portB/BU2/U0/gen_dp_ram.dpram_inst/Mram_ram21/DP/CLK is not reached by a timing clock
Related violations: <none>

TIMING-17#174 Critical Warning
Non-clocked sequential cell  
The clock pin processor/i_regf/i_portB/BU2/U0/gen_dp_ram.dpram_inst/Mram_ram21/SP/CLK is not reached by a timing clock
Related violations: <none>

TIMING-17#175 Critical Warning
Non-clocked sequential cell  
The clock pin processor/i_regf/i_portB/BU2/U0/gen_dp_ram.dpram_inst/Mram_ram22/DP/CLK is not reached by a timing clock
Related violations: <none>

TIMING-17#176 Critical Warning
Non-clocked sequential cell  
The clock pin processor/i_regf/i_portB/BU2/U0/gen_dp_ram.dpram_inst/Mram_ram22/SP/CLK is not reached by a timing clock
Related violations: <none>

TIMING-17#177 Critical Warning
Non-clocked sequential cell  
The clock pin processor/i_regf/i_portB/BU2/U0/gen_dp_ram.dpram_inst/Mram_ram23/DP/CLK is not reached by a timing clock
Related violations: <none>

TIMING-17#178 Critical Warning
Non-clocked sequential cell  
The clock pin processor/i_regf/i_portB/BU2/U0/gen_dp_ram.dpram_inst/Mram_ram23/SP/CLK is not reached by a timing clock
Related violations: <none>

TIMING-17#179 Critical Warning
Non-clocked sequential cell  
The clock pin processor/i_regf/i_portB/BU2/U0/gen_dp_ram.dpram_inst/Mram_ram24/DP/CLK is not reached by a timing clock
Related violations: <none>

TIMING-17#180 Critical Warning
Non-clocked sequential cell  
The clock pin processor/i_regf/i_portB/BU2/U0/gen_dp_ram.dpram_inst/Mram_ram24/SP/CLK is not reached by a timing clock
Related violations: <none>

TIMING-17#181 Critical Warning
Non-clocked sequential cell  
The clock pin processor/i_regf/i_portB/BU2/U0/gen_dp_ram.dpram_inst/Mram_ram25/DP/CLK is not reached by a timing clock
Related violations: <none>

TIMING-17#182 Critical Warning
Non-clocked sequential cell  
The clock pin processor/i_regf/i_portB/BU2/U0/gen_dp_ram.dpram_inst/Mram_ram25/SP/CLK is not reached by a timing clock
Related violations: <none>

TIMING-17#183 Critical Warning
Non-clocked sequential cell  
The clock pin processor/i_regf/i_portB/BU2/U0/gen_dp_ram.dpram_inst/Mram_ram26/DP/CLK is not reached by a timing clock
Related violations: <none>

TIMING-17#184 Critical Warning
Non-clocked sequential cell  
The clock pin processor/i_regf/i_portB/BU2/U0/gen_dp_ram.dpram_inst/Mram_ram26/SP/CLK is not reached by a timing clock
Related violations: <none>

TIMING-17#185 Critical Warning
Non-clocked sequential cell  
The clock pin processor/i_regf/i_portB/BU2/U0/gen_dp_ram.dpram_inst/Mram_ram27/DP/CLK is not reached by a timing clock
Related violations: <none>

TIMING-17#186 Critical Warning
Non-clocked sequential cell  
The clock pin processor/i_regf/i_portB/BU2/U0/gen_dp_ram.dpram_inst/Mram_ram27/SP/CLK is not reached by a timing clock
Related violations: <none>

TIMING-17#187 Critical Warning
Non-clocked sequential cell  
The clock pin processor/i_regf/i_portB/BU2/U0/gen_dp_ram.dpram_inst/Mram_ram28/DP/CLK is not reached by a timing clock
Related violations: <none>

TIMING-17#188 Critical Warning
Non-clocked sequential cell  
The clock pin processor/i_regf/i_portB/BU2/U0/gen_dp_ram.dpram_inst/Mram_ram28/SP/CLK is not reached by a timing clock
Related violations: <none>

TIMING-17#189 Critical Warning
Non-clocked sequential cell  
The clock pin processor/i_regf/i_portB/BU2/U0/gen_dp_ram.dpram_inst/Mram_ram29/DP/CLK is not reached by a timing clock
Related violations: <none>

TIMING-17#190 Critical Warning
Non-clocked sequential cell  
The clock pin processor/i_regf/i_portB/BU2/U0/gen_dp_ram.dpram_inst/Mram_ram29/SP/CLK is not reached by a timing clock
Related violations: <none>

TIMING-17#191 Critical Warning
Non-clocked sequential cell  
The clock pin processor/i_regf/i_portB/BU2/U0/gen_dp_ram.dpram_inst/Mram_ram3/DP/CLK is not reached by a timing clock
Related violations: <none>

TIMING-17#192 Critical Warning
Non-clocked sequential cell  
The clock pin processor/i_regf/i_portB/BU2/U0/gen_dp_ram.dpram_inst/Mram_ram3/SP/CLK is not reached by a timing clock
Related violations: <none>

TIMING-17#193 Critical Warning
Non-clocked sequential cell  
The clock pin processor/i_regf/i_portB/BU2/U0/gen_dp_ram.dpram_inst/Mram_ram30/DP/CLK is not reached by a timing clock
Related violations: <none>

TIMING-17#194 Critical Warning
Non-clocked sequential cell  
The clock pin processor/i_regf/i_portB/BU2/U0/gen_dp_ram.dpram_inst/Mram_ram30/SP/CLK is not reached by a timing clock
Related violations: <none>

TIMING-17#195 Critical Warning
Non-clocked sequential cell  
The clock pin processor/i_regf/i_portB/BU2/U0/gen_dp_ram.dpram_inst/Mram_ram31/DP/CLK is not reached by a timing clock
Related violations: <none>

TIMING-17#196 Critical Warning
Non-clocked sequential cell  
The clock pin processor/i_regf/i_portB/BU2/U0/gen_dp_ram.dpram_inst/Mram_ram31/SP/CLK is not reached by a timing clock
Related violations: <none>

TIMING-17#197 Critical Warning
Non-clocked sequential cell  
The clock pin processor/i_regf/i_portB/BU2/U0/gen_dp_ram.dpram_inst/Mram_ram32/DP/CLK is not reached by a timing clock
Related violations: <none>

TIMING-17#198 Critical Warning
Non-clocked sequential cell  
The clock pin processor/i_regf/i_portB/BU2/U0/gen_dp_ram.dpram_inst/Mram_ram32/SP/CLK is not reached by a timing clock
Related violations: <none>

TIMING-17#199 Critical Warning
Non-clocked sequential cell  
The clock pin processor/i_regf/i_portB/BU2/U0/gen_dp_ram.dpram_inst/Mram_ram33/DP/CLK is not reached by a timing clock
Related violations: <none>

TIMING-17#200 Critical Warning
Non-clocked sequential cell  
The clock pin processor/i_regf/i_portB/BU2/U0/gen_dp_ram.dpram_inst/Mram_ram33/SP/CLK is not reached by a timing clock
Related violations: <none>

TIMING-17#201 Critical Warning
Non-clocked sequential cell  
The clock pin processor/i_regf/i_portB/BU2/U0/gen_dp_ram.dpram_inst/Mram_ram34/DP/CLK is not reached by a timing clock
Related violations: <none>

TIMING-17#202 Critical Warning
Non-clocked sequential cell  
The clock pin processor/i_regf/i_portB/BU2/U0/gen_dp_ram.dpram_inst/Mram_ram34/SP/CLK is not reached by a timing clock
Related violations: <none>

TIMING-17#203 Critical Warning
Non-clocked sequential cell  
The clock pin processor/i_regf/i_portB/BU2/U0/gen_dp_ram.dpram_inst/Mram_ram35/DP/CLK is not reached by a timing clock
Related violations: <none>

TIMING-17#204 Critical Warning
Non-clocked sequential cell  
The clock pin processor/i_regf/i_portB/BU2/U0/gen_dp_ram.dpram_inst/Mram_ram35/SP/CLK is not reached by a timing clock
Related violations: <none>

TIMING-17#205 Critical Warning
Non-clocked sequential cell  
The clock pin processor/i_regf/i_portB/BU2/U0/gen_dp_ram.dpram_inst/Mram_ram36/DP/CLK is not reached by a timing clock
Related violations: <none>

TIMING-17#206 Critical Warning
Non-clocked sequential cell  
The clock pin processor/i_regf/i_portB/BU2/U0/gen_dp_ram.dpram_inst/Mram_ram36/SP/CLK is not reached by a timing clock
Related violations: <none>

TIMING-17#207 Critical Warning
Non-clocked sequential cell  
The clock pin processor/i_regf/i_portB/BU2/U0/gen_dp_ram.dpram_inst/Mram_ram37/DP/CLK is not reached by a timing clock
Related violations: <none>

TIMING-17#208 Critical Warning
Non-clocked sequential cell  
The clock pin processor/i_regf/i_portB/BU2/U0/gen_dp_ram.dpram_inst/Mram_ram37/SP/CLK is not reached by a timing clock
Related violations: <none>

TIMING-17#209 Critical Warning
Non-clocked sequential cell  
The clock pin processor/i_regf/i_portB/BU2/U0/gen_dp_ram.dpram_inst/Mram_ram38/DP/CLK is not reached by a timing clock
Related violations: <none>

TIMING-17#210 Critical Warning
Non-clocked sequential cell  
The clock pin processor/i_regf/i_portB/BU2/U0/gen_dp_ram.dpram_inst/Mram_ram38/SP/CLK is not reached by a timing clock
Related violations: <none>

TIMING-17#211 Critical Warning
Non-clocked sequential cell  
The clock pin processor/i_regf/i_portB/BU2/U0/gen_dp_ram.dpram_inst/Mram_ram39/DP/CLK is not reached by a timing clock
Related violations: <none>

TIMING-17#212 Critical Warning
Non-clocked sequential cell  
The clock pin processor/i_regf/i_portB/BU2/U0/gen_dp_ram.dpram_inst/Mram_ram39/SP/CLK is not reached by a timing clock
Related violations: <none>

TIMING-17#213 Critical Warning
Non-clocked sequential cell  
The clock pin processor/i_regf/i_portB/BU2/U0/gen_dp_ram.dpram_inst/Mram_ram4/DP/CLK is not reached by a timing clock
Related violations: <none>

TIMING-17#214 Critical Warning
Non-clocked sequential cell  
The clock pin processor/i_regf/i_portB/BU2/U0/gen_dp_ram.dpram_inst/Mram_ram4/SP/CLK is not reached by a timing clock
Related violations: <none>

TIMING-17#215 Critical Warning
Non-clocked sequential cell  
The clock pin processor/i_regf/i_portB/BU2/U0/gen_dp_ram.dpram_inst/Mram_ram40/DP/CLK is not reached by a timing clock
Related violations: <none>

TIMING-17#216 Critical Warning
Non-clocked sequential cell  
The clock pin processor/i_regf/i_portB/BU2/U0/gen_dp_ram.dpram_inst/Mram_ram40/SP/CLK is not reached by a timing clock
Related violations: <none>

TIMING-17#217 Critical Warning
Non-clocked sequential cell  
The clock pin processor/i_regf/i_portB/BU2/U0/gen_dp_ram.dpram_inst/Mram_ram41/DP/CLK is not reached by a timing clock
Related violations: <none>

TIMING-17#218 Critical Warning
Non-clocked sequential cell  
The clock pin processor/i_regf/i_portB/BU2/U0/gen_dp_ram.dpram_inst/Mram_ram41/SP/CLK is not reached by a timing clock
Related violations: <none>

TIMING-17#219 Critical Warning
Non-clocked sequential cell  
The clock pin processor/i_regf/i_portB/BU2/U0/gen_dp_ram.dpram_inst/Mram_ram42/DP/CLK is not reached by a timing clock
Related violations: <none>

TIMING-17#220 Critical Warning
Non-clocked sequential cell  
The clock pin processor/i_regf/i_portB/BU2/U0/gen_dp_ram.dpram_inst/Mram_ram42/SP/CLK is not reached by a timing clock
Related violations: <none>

TIMING-17#221 Critical Warning
Non-clocked sequential cell  
The clock pin processor/i_regf/i_portB/BU2/U0/gen_dp_ram.dpram_inst/Mram_ram43/DP/CLK is not reached by a timing clock
Related violations: <none>

TIMING-17#222 Critical Warning
Non-clocked sequential cell  
The clock pin processor/i_regf/i_portB/BU2/U0/gen_dp_ram.dpram_inst/Mram_ram43/SP/CLK is not reached by a timing clock
Related violations: <none>

TIMING-17#223 Critical Warning
Non-clocked sequential cell  
The clock pin processor/i_regf/i_portB/BU2/U0/gen_dp_ram.dpram_inst/Mram_ram44/DP/CLK is not reached by a timing clock
Related violations: <none>

TIMING-17#224 Critical Warning
Non-clocked sequential cell  
The clock pin processor/i_regf/i_portB/BU2/U0/gen_dp_ram.dpram_inst/Mram_ram44/SP/CLK is not reached by a timing clock
Related violations: <none>

TIMING-17#225 Critical Warning
Non-clocked sequential cell  
The clock pin processor/i_regf/i_portB/BU2/U0/gen_dp_ram.dpram_inst/Mram_ram45/DP/CLK is not reached by a timing clock
Related violations: <none>

TIMING-17#226 Critical Warning
Non-clocked sequential cell  
The clock pin processor/i_regf/i_portB/BU2/U0/gen_dp_ram.dpram_inst/Mram_ram45/SP/CLK is not reached by a timing clock
Related violations: <none>

TIMING-17#227 Critical Warning
Non-clocked sequential cell  
The clock pin processor/i_regf/i_portB/BU2/U0/gen_dp_ram.dpram_inst/Mram_ram46/DP/CLK is not reached by a timing clock
Related violations: <none>

TIMING-17#228 Critical Warning
Non-clocked sequential cell  
The clock pin processor/i_regf/i_portB/BU2/U0/gen_dp_ram.dpram_inst/Mram_ram46/SP/CLK is not reached by a timing clock
Related violations: <none>

TIMING-17#229 Critical Warning
Non-clocked sequential cell  
The clock pin processor/i_regf/i_portB/BU2/U0/gen_dp_ram.dpram_inst/Mram_ram47/DP/CLK is not reached by a timing clock
Related violations: <none>

TIMING-17#230 Critical Warning
Non-clocked sequential cell  
The clock pin processor/i_regf/i_portB/BU2/U0/gen_dp_ram.dpram_inst/Mram_ram47/SP/CLK is not reached by a timing clock
Related violations: <none>

TIMING-17#231 Critical Warning
Non-clocked sequential cell  
The clock pin processor/i_regf/i_portB/BU2/U0/gen_dp_ram.dpram_inst/Mram_ram48/DP/CLK is not reached by a timing clock
Related violations: <none>

TIMING-17#232 Critical Warning
Non-clocked sequential cell  
The clock pin processor/i_regf/i_portB/BU2/U0/gen_dp_ram.dpram_inst/Mram_ram48/SP/CLK is not reached by a timing clock
Related violations: <none>

TIMING-17#233 Critical Warning
Non-clocked sequential cell  
The clock pin processor/i_regf/i_portB/BU2/U0/gen_dp_ram.dpram_inst/Mram_ram49/DP/CLK is not reached by a timing clock
Related violations: <none>

TIMING-17#234 Critical Warning
Non-clocked sequential cell  
The clock pin processor/i_regf/i_portB/BU2/U0/gen_dp_ram.dpram_inst/Mram_ram49/SP/CLK is not reached by a timing clock
Related violations: <none>

TIMING-17#235 Critical Warning
Non-clocked sequential cell  
The clock pin processor/i_regf/i_portB/BU2/U0/gen_dp_ram.dpram_inst/Mram_ram5/DP/CLK is not reached by a timing clock
Related violations: <none>

TIMING-17#236 Critical Warning
Non-clocked sequential cell  
The clock pin processor/i_regf/i_portB/BU2/U0/gen_dp_ram.dpram_inst/Mram_ram5/SP/CLK is not reached by a timing clock
Related violations: <none>

TIMING-17#237 Critical Warning
Non-clocked sequential cell  
The clock pin processor/i_regf/i_portB/BU2/U0/gen_dp_ram.dpram_inst/Mram_ram50/DP/CLK is not reached by a timing clock
Related violations: <none>

TIMING-17#238 Critical Warning
Non-clocked sequential cell  
The clock pin processor/i_regf/i_portB/BU2/U0/gen_dp_ram.dpram_inst/Mram_ram50/SP/CLK is not reached by a timing clock
Related violations: <none>

TIMING-17#239 Critical Warning
Non-clocked sequential cell  
The clock pin processor/i_regf/i_portB/BU2/U0/gen_dp_ram.dpram_inst/Mram_ram51/DP/CLK is not reached by a timing clock
Related violations: <none>

TIMING-17#240 Critical Warning
Non-clocked sequential cell  
The clock pin processor/i_regf/i_portB/BU2/U0/gen_dp_ram.dpram_inst/Mram_ram51/SP/CLK is not reached by a timing clock
Related violations: <none>

TIMING-17#241 Critical Warning
Non-clocked sequential cell  
The clock pin processor/i_regf/i_portB/BU2/U0/gen_dp_ram.dpram_inst/Mram_ram52/DP/CLK is not reached by a timing clock
Related violations: <none>

TIMING-17#242 Critical Warning
Non-clocked sequential cell  
The clock pin processor/i_regf/i_portB/BU2/U0/gen_dp_ram.dpram_inst/Mram_ram52/SP/CLK is not reached by a timing clock
Related violations: <none>

TIMING-17#243 Critical Warning
Non-clocked sequential cell  
The clock pin processor/i_regf/i_portB/BU2/U0/gen_dp_ram.dpram_inst/Mram_ram53/DP/CLK is not reached by a timing clock
Related violations: <none>

TIMING-17#244 Critical Warning
Non-clocked sequential cell  
The clock pin processor/i_regf/i_portB/BU2/U0/gen_dp_ram.dpram_inst/Mram_ram53/SP/CLK is not reached by a timing clock
Related violations: <none>

TIMING-17#245 Critical Warning
Non-clocked sequential cell  
The clock pin processor/i_regf/i_portB/BU2/U0/gen_dp_ram.dpram_inst/Mram_ram54/DP/CLK is not reached by a timing clock
Related violations: <none>

TIMING-17#246 Critical Warning
Non-clocked sequential cell  
The clock pin processor/i_regf/i_portB/BU2/U0/gen_dp_ram.dpram_inst/Mram_ram54/SP/CLK is not reached by a timing clock
Related violations: <none>

TIMING-17#247 Critical Warning
Non-clocked sequential cell  
The clock pin processor/i_regf/i_portB/BU2/U0/gen_dp_ram.dpram_inst/Mram_ram55/DP/CLK is not reached by a timing clock
Related violations: <none>

TIMING-17#248 Critical Warning
Non-clocked sequential cell  
The clock pin processor/i_regf/i_portB/BU2/U0/gen_dp_ram.dpram_inst/Mram_ram55/SP/CLK is not reached by a timing clock
Related violations: <none>

TIMING-17#249 Critical Warning
Non-clocked sequential cell  
The clock pin processor/i_regf/i_portB/BU2/U0/gen_dp_ram.dpram_inst/Mram_ram56/DP/CLK is not reached by a timing clock
Related violations: <none>

TIMING-17#250 Critical Warning
Non-clocked sequential cell  
The clock pin processor/i_regf/i_portB/BU2/U0/gen_dp_ram.dpram_inst/Mram_ram56/SP/CLK is not reached by a timing clock
Related violations: <none>

TIMING-17#251 Critical Warning
Non-clocked sequential cell  
The clock pin processor/i_regf/i_portB/BU2/U0/gen_dp_ram.dpram_inst/Mram_ram57/DP/CLK is not reached by a timing clock
Related violations: <none>

TIMING-17#252 Critical Warning
Non-clocked sequential cell  
The clock pin processor/i_regf/i_portB/BU2/U0/gen_dp_ram.dpram_inst/Mram_ram57/SP/CLK is not reached by a timing clock
Related violations: <none>

TIMING-17#253 Critical Warning
Non-clocked sequential cell  
The clock pin processor/i_regf/i_portB/BU2/U0/gen_dp_ram.dpram_inst/Mram_ram58/DP/CLK is not reached by a timing clock
Related violations: <none>

TIMING-17#254 Critical Warning
Non-clocked sequential cell  
The clock pin processor/i_regf/i_portB/BU2/U0/gen_dp_ram.dpram_inst/Mram_ram58/SP/CLK is not reached by a timing clock
Related violations: <none>

TIMING-17#255 Critical Warning
Non-clocked sequential cell  
The clock pin processor/i_regf/i_portB/BU2/U0/gen_dp_ram.dpram_inst/Mram_ram59/DP/CLK is not reached by a timing clock
Related violations: <none>

TIMING-17#256 Critical Warning
Non-clocked sequential cell  
The clock pin processor/i_regf/i_portB/BU2/U0/gen_dp_ram.dpram_inst/Mram_ram59/SP/CLK is not reached by a timing clock
Related violations: <none>

TIMING-17#257 Critical Warning
Non-clocked sequential cell  
The clock pin processor/i_regf/i_portB/BU2/U0/gen_dp_ram.dpram_inst/Mram_ram6/DP/CLK is not reached by a timing clock
Related violations: <none>

TIMING-17#258 Critical Warning
Non-clocked sequential cell  
The clock pin processor/i_regf/i_portB/BU2/U0/gen_dp_ram.dpram_inst/Mram_ram6/SP/CLK is not reached by a timing clock
Related violations: <none>

TIMING-17#259 Critical Warning
Non-clocked sequential cell  
The clock pin processor/i_regf/i_portB/BU2/U0/gen_dp_ram.dpram_inst/Mram_ram60/DP/CLK is not reached by a timing clock
Related violations: <none>

TIMING-17#260 Critical Warning
Non-clocked sequential cell  
The clock pin processor/i_regf/i_portB/BU2/U0/gen_dp_ram.dpram_inst/Mram_ram60/SP/CLK is not reached by a timing clock
Related violations: <none>

TIMING-17#261 Critical Warning
Non-clocked sequential cell  
The clock pin processor/i_regf/i_portB/BU2/U0/gen_dp_ram.dpram_inst/Mram_ram61/DP/CLK is not reached by a timing clock
Related violations: <none>

TIMING-17#262 Critical Warning
Non-clocked sequential cell  
The clock pin processor/i_regf/i_portB/BU2/U0/gen_dp_ram.dpram_inst/Mram_ram61/SP/CLK is not reached by a timing clock
Related violations: <none>

TIMING-17#263 Critical Warning
Non-clocked sequential cell  
The clock pin processor/i_regf/i_portB/BU2/U0/gen_dp_ram.dpram_inst/Mram_ram62/DP/CLK is not reached by a timing clock
Related violations: <none>

TIMING-17#264 Critical Warning
Non-clocked sequential cell  
The clock pin processor/i_regf/i_portB/BU2/U0/gen_dp_ram.dpram_inst/Mram_ram62/SP/CLK is not reached by a timing clock
Related violations: <none>

TIMING-17#265 Critical Warning
Non-clocked sequential cell  
The clock pin processor/i_regf/i_portB/BU2/U0/gen_dp_ram.dpram_inst/Mram_ram63/DP/CLK is not reached by a timing clock
Related violations: <none>

TIMING-17#266 Critical Warning
Non-clocked sequential cell  
The clock pin processor/i_regf/i_portB/BU2/U0/gen_dp_ram.dpram_inst/Mram_ram63/SP/CLK is not reached by a timing clock
Related violations: <none>

TIMING-17#267 Critical Warning
Non-clocked sequential cell  
The clock pin processor/i_regf/i_portB/BU2/U0/gen_dp_ram.dpram_inst/Mram_ram64/DP/CLK is not reached by a timing clock
Related violations: <none>

TIMING-17#268 Critical Warning
Non-clocked sequential cell  
The clock pin processor/i_regf/i_portB/BU2/U0/gen_dp_ram.dpram_inst/Mram_ram64/SP/CLK is not reached by a timing clock
Related violations: <none>

TIMING-17#269 Critical Warning
Non-clocked sequential cell  
The clock pin processor/i_regf/i_portB/BU2/U0/gen_dp_ram.dpram_inst/Mram_ram7/DP/CLK is not reached by a timing clock
Related violations: <none>

TIMING-17#270 Critical Warning
Non-clocked sequential cell  
The clock pin processor/i_regf/i_portB/BU2/U0/gen_dp_ram.dpram_inst/Mram_ram7/SP/CLK is not reached by a timing clock
Related violations: <none>

TIMING-17#271 Critical Warning
Non-clocked sequential cell  
The clock pin processor/i_regf/i_portB/BU2/U0/gen_dp_ram.dpram_inst/Mram_ram8/DP/CLK is not reached by a timing clock
Related violations: <none>

TIMING-17#272 Critical Warning
Non-clocked sequential cell  
The clock pin processor/i_regf/i_portB/BU2/U0/gen_dp_ram.dpram_inst/Mram_ram8/SP/CLK is not reached by a timing clock
Related violations: <none>

TIMING-17#273 Critical Warning
Non-clocked sequential cell  
The clock pin processor/i_regf/i_portB/BU2/U0/gen_dp_ram.dpram_inst/Mram_ram9/DP/CLK is not reached by a timing clock
Related violations: <none>

TIMING-17#274 Critical Warning
Non-clocked sequential cell  
The clock pin processor/i_regf/i_portB/BU2/U0/gen_dp_ram.dpram_inst/Mram_ram9/SP/CLK is not reached by a timing clock
Related violations: <none>

TIMING-18#1 Warning
Missing input or output delay  
An input delay is missing on RESET relative to the rising and/or falling clock edge(s) of FPGACLK.
Related violations: <none>

RTGT-1#1 Advisory
RAM retargeting possibility  
Identified 30 RAM32X1D primitives that could be retargeted to RAM32M. Retargeting will save approximately 10 memory LUTs and improve routability. These can usually be achieved using synthesis inference or XPMs. The memories are processor/i_regf/i_portA/BU2/U0/gen_dp_ram.dpram_inst/Mram_ram1,
processor/i_regf/i_portA/BU2/U0/gen_dp_ram.dpram_inst/Mram_ram11,
processor/i_regf/i_portA/BU2/U0/gen_dp_ram.dpram_inst/Mram_ram13,
processor/i_regf/i_portA/BU2/U0/gen_dp_ram.dpram_inst/Mram_ram15,
processor/i_regf/i_portA/BU2/U0/gen_dp_ram.dpram_inst/Mram_ram17,
processor/i_regf/i_portA/BU2/U0/gen_dp_ram.dpram_inst/Mram_ram19,
processor/i_regf/i_portA/BU2/U0/gen_dp_ram.dpram_inst/Mram_ram21,
processor/i_regf/i_portA/BU2/U0/gen_dp_ram.dpram_inst/Mram_ram23,
processor/i_regf/i_portA/BU2/U0/gen_dp_ram.dpram_inst/Mram_ram25,
processor/i_regf/i_portA/BU2/U0/gen_dp_ram.dpram_inst/Mram_ram27,
processor/i_regf/i_portA/BU2/U0/gen_dp_ram.dpram_inst/Mram_ram29,
processor/i_regf/i_portA/BU2/U0/gen_dp_ram.dpram_inst/Mram_ram3,
processor/i_regf/i_portA/BU2/U0/gen_dp_ram.dpram_inst/Mram_ram31,
processor/i_regf/i_portA/BU2/U0/gen_dp_ram.dpram_inst/Mram_ram33,
processor/i_regf/i_portA/BU2/U0/gen_dp_ram.dpram_inst/Mram_ram35
 (the first 15 of 30 listed)
Related violations: <none>

RTGT-1#2 Advisory
RAM retargeting possibility  
Identified 30 RAM32X1D primitives that could be retargeted to RAM32M. Retargeting will save approximately 10 memory LUTs and improve routability. These can usually be achieved using synthesis inference or XPMs. The memories are processor/i_regf/i_portB/BU2/U0/gen_dp_ram.dpram_inst/Mram_ram1,
processor/i_regf/i_portB/BU2/U0/gen_dp_ram.dpram_inst/Mram_ram11,
processor/i_regf/i_portB/BU2/U0/gen_dp_ram.dpram_inst/Mram_ram13,
processor/i_regf/i_portB/BU2/U0/gen_dp_ram.dpram_inst/Mram_ram15,
processor/i_regf/i_portB/BU2/U0/gen_dp_ram.dpram_inst/Mram_ram17,
processor/i_regf/i_portB/BU2/U0/gen_dp_ram.dpram_inst/Mram_ram19,
processor/i_regf/i_portB/BU2/U0/gen_dp_ram.dpram_inst/Mram_ram21,
processor/i_regf/i_portB/BU2/U0/gen_dp_ram.dpram_inst/Mram_ram23,
processor/i_regf/i_portB/BU2/U0/gen_dp_ram.dpram_inst/Mram_ram25,
processor/i_regf/i_portB/BU2/U0/gen_dp_ram.dpram_inst/Mram_ram27,
processor/i_regf/i_portB/BU2/U0/gen_dp_ram.dpram_inst/Mram_ram29,
processor/i_regf/i_portB/BU2/U0/gen_dp_ram.dpram_inst/Mram_ram3,
processor/i_regf/i_portB/BU2/U0/gen_dp_ram.dpram_inst/Mram_ram31,
processor/i_regf/i_portB/BU2/U0/gen_dp_ram.dpram_inst/Mram_ram33,
processor/i_regf/i_portB/BU2/U0/gen_dp_ram.dpram_inst/Mram_ram35
 (the first 15 of 30 listed)
Related violations: <none>

RTGT-1#3 Advisory
RAM retargeting possibility  
Identified 30 RAM32X1D primitives that could be retargeted to RAM32M. Retargeting will save approximately 10 memory LUTs and improve routability. These can usually be achieved using synthesis inference or XPMs. The memories are processor/i_regf/i_portB/BU2/U0/gen_dp_ram.dpram_inst/Mram_ram10,
processor/i_regf/i_portB/BU2/U0/gen_dp_ram.dpram_inst/Mram_ram12,
processor/i_regf/i_portB/BU2/U0/gen_dp_ram.dpram_inst/Mram_ram14,
processor/i_regf/i_portB/BU2/U0/gen_dp_ram.dpram_inst/Mram_ram16,
processor/i_regf/i_portB/BU2/U0/gen_dp_ram.dpram_inst/Mram_ram18,
processor/i_regf/i_portB/BU2/U0/gen_dp_ram.dpram_inst/Mram_ram2,
processor/i_regf/i_portB/BU2/U0/gen_dp_ram.dpram_inst/Mram_ram20,
processor/i_regf/i_portB/BU2/U0/gen_dp_ram.dpram_inst/Mram_ram22,
processor/i_regf/i_portB/BU2/U0/gen_dp_ram.dpram_inst/Mram_ram24,
processor/i_regf/i_portB/BU2/U0/gen_dp_ram.dpram_inst/Mram_ram26,
processor/i_regf/i_portB/BU2/U0/gen_dp_ram.dpram_inst/Mram_ram28,
processor/i_regf/i_portB/BU2/U0/gen_dp_ram.dpram_inst/Mram_ram30,
processor/i_regf/i_portB/BU2/U0/gen_dp_ram.dpram_inst/Mram_ram32,
processor/i_regf/i_portB/BU2/U0/gen_dp_ram.dpram_inst/Mram_ram34,
processor/i_regf/i_portB/BU2/U0/gen_dp_ram.dpram_inst/Mram_ram36
 (the first 15 of 30 listed)
Related violations: <none>


